// Jest Snapshot v1, https://goo.gl/fbAQLP

exports[`LoginScreen matches snapshot in its initial (mobile login) state 1`] = `null`;
